// Vitest Snapshot v1, https://vitest.dev/guide/snapshot.html

exports[`generate-openfoodfact-image > should return image information 1`] = `
{
  "baseUrl": "https://images.openfoodfacts.org/images/products",
  "image": {
    "fileName": "front_fr.100.400.jpg",
    "imgid": 100,
    "key": "front_fr",
    "resolutions": [
      100,
      400,
    ],
  },
  "prefix": "306/832/012/3264",
}
`;
